
  0%|          | 0/6 [00:00<?, ?it/s]
100%|██████████| 6/6 [00:00<00:00, 5950.77it/s]

  0%|          | 0/6 [00:00<?, ?it/s]
100%|██████████| 6/6 [00:00<00:00, 19988.74it/s]
Initialize _item_emb.weight as truncated normal: torch.Size([65, 16]) params
INFO:root:chunk_size = 4
INFO:root:<class 'generative_recommenders.modeling.sequential.input_features_preprocessors.LearnablePositionalEmbeddingInputFeaturesPreprocessor'>
INFO:root:Retention: num heads = 2, chunk_size = 4
INFO:root:multi-head krab, chunk_size=4
INFO:root:channel_t tensor([1024, 8192])
INFO:root:channel_t: learnable gamma!
INFO:root:channel t: use aug conn.
INFO:root:Temporal channel config: {'num_heads': 2, 'base': 2, 'base_stride': 3, 'start_index': 10, 'aug_current': True, 'learnable_gamma': True, 'chunk_size': 4}
INFO:root:Positional channel config: {'dim': 4, 'aug_current': True, 'max_sequence_length': 12}
INFO:root:Retention: num heads = 2, chunk_size = 4
INFO:root:multi-head krab, chunk_size=4
INFO:root:channel_t tensor([1024, 8192])
INFO:root:channel t: use aug conn.
INFO:root:Temporal channel config: {'num_heads': 2, 'base': 2, 'base_stride': 3, 'start_index': 10, 'aug_current': True, 'learnable_gamma': True, 'chunk_size': 4}
INFO:root:Positional channel config: {'dim': 4, 'aug_current': True, 'max_sequence_length': 12}
[PROJECT_ROOT]/third_party/fuxi-linear/generative_recommenders/modeling/similarity_module.py:86: UserWarning: CUDA is not available or torch_xla is imported. Disabling autocast.
  with torch.autocast(enabled=True, dtype=torch.bfloat16, device_type="cuda"):
SHAPE item_ids: [2, 12] torch.int64
SHAPE timestamps: [2, 12] torch.int64
SHAPE sequence_lengths: [2] torch.int64
SHAPE embeddings: [2, 12, 16] torch.float32
SHAPE _fuxi._attention_layers.0._retention.semantic: [2, 12, 16] torch.float32
SHAPE _fuxi._attention_layers.0._retention.semantic.q: [11, 16] torch.float32
SHAPE _fuxi._attention_layers.0._retention.semantic.k: [11, 16] torch.float32
SHAPE _fuxi._attention_layers.0._retention.semantic.v: [2, 12, 16] torch.float32
SHAPE _fuxi._attention_layers.0._channel_t.temporal: [2, 12, 16] torch.float32
SHAPE _fuxi._attention_layers.0._channel_t.temporal.query: [2, 12, 4, 2] torch.float32
SHAPE _fuxi._attention_layers.0._channel_t.temporal.key: [2, 12, 4, 2] torch.float32
SHAPE _fuxi._attention_layers.0._channel_t.temporal.log_decay_pos: [2, 12, 4] torch.float32
SHAPE _fuxi._attention_layers.0._channel_p.positional: [2, 12, 16] torch.float32
SHAPE _fuxi._attention_layers.0._mffn.ffn: [11, 16] torch.float32
SHAPE _fuxi._attention_layers.0._mffn.ffn.combined_gated_input: [11, 48] torch.float32
SHAPE _fuxi._attention_layers.0.block: [11, 16] torch.float32
SHAPE _fuxi._attention_layers.0.block.input: [11, 16] torch.float32
SHAPE _fuxi._attention_layers.1._retention.semantic: [2, 12, 16] torch.float32
SHAPE _fuxi._attention_layers.1._retention.semantic.q: [11, 16] torch.float32
SHAPE _fuxi._attention_layers.1._retention.semantic.k: [11, 16] torch.float32
SHAPE _fuxi._attention_layers.1._retention.semantic.v: [2, 12, 16] torch.float32
SHAPE _fuxi._attention_layers.1._channel_t.temporal: [2, 12, 16] torch.float32
SHAPE _fuxi._attention_layers.1._channel_t.temporal.query: [2, 12, 4, 2] torch.float32
SHAPE _fuxi._attention_layers.1._channel_t.temporal.key: [2, 12, 4, 2] torch.float32
SHAPE _fuxi._attention_layers.1._channel_t.temporal.log_decay_pos: [2, 12, 4] torch.float32
SHAPE _fuxi._attention_layers.1._channel_p.positional: [2, 12, 16] torch.float32
SHAPE _fuxi._attention_layers.1._mffn.ffn: [11, 16] torch.float32
SHAPE _fuxi._attention_layers.1._mffn.ffn.combined_gated_input: [11, 48] torch.float32
SHAPE _fuxi._attention_layers.1.block: [11, 16] torch.float32
SHAPE _fuxi._attention_layers.1.block.input: [11, 16] torch.float32
SHAPE hidden_states: [2, 12, 16] torch.float32
SHAPE labels: [2, 11] torch.int64
SHAPE positive_logits: [11, 1] torch.float32
SHAPE negative_logits: [11, 8] torch.float32
SHAPE loss: [] torch.float32
SHAPE sampled_softmax_logits: [11, 9]
STEP 0: loss=5.84887505, gradient_norm=100.56443213, updated_parameters=29
STEP 1: loss=6.04632378, gradient_norm=100.93757886, updated_parameters=29
STEP 2: loss=8.19381237, gradient_norm=98.20311515, updated_parameters=29
PASS_CPU_REFERENCE_SYNTHETIC_ONLY [PROJECT_ROOT]/artifacts/stage1/smoke.json
